// Jest Snapshot v1, https://goo.gl/fbAQLP

exports[`CommonDragDropFile renders component 1`] = `
<div>
  <form
    class="c-CommonDragDropFile"
    data-testid="common-drag-drop-file-form"
  >
    <input
      data-testid="common-drag-drop-file-input"
      hidden=""
      id="input-file-upload"
      multiple=""
      type="file"
    />
    <label
      class="c-CommonDragDropFile__LabelDragDrop"
      for="input-file-upload"
    >
      <div
        class="c-CommonDragDropFile__Drag"
      >
        <span
          class="c-CommonDragDropFile__LabelInfo"
        >
          Glissez-d√©posez une image dans cette zone ou
        </span>
        <button
          class="c-CommonButton c-CommonButton_primary c-CommonButton_fontSmall"
          type="button"
        >
          Parcourir les fichiers
        </button>
      </div>
    </label>
  </form>
</div>
`;
