// Jest Snapshot v1, https://goo.gl/fbAQLP

exports[`AudienceModal renders 1`] = `
<div>
  <div
    id="modal-portal"
  />
</div>
`;

exports[`AudienceModal renders with two selected audiences 1`] = `
<div>
  <div
    id="modal-portal"
  >
    <div
      class="c-CommonModalWrapper"
      data-testid="common-modal-wrapper"
      id=":r1:"
    >
      <div
        class="c-CommonModalWrapper__Modal c-CommonModalWrapper__Modal_sizeMedium"
        data-testid="common-modal"
      >
        <div
          class="c-AudienceModal"
        >
          <div
            class="c-AudienceModal__ModalTitle"
          >
            SÃ©lectionner les usagers
          </div>
          <hgroup>
            <div
              class="c-AudienceModal__ModalFields"
            >
              <div
                class="c-FormLabel"
              >
                <label
                  class="c-FormLabel__LabelWrapper"
                  for="audiences"
                >
                  <span
                    class="c-FormLabel__Label"
                  >
                    Usagers *
                  </span>
                </label>
                <div
                  class="c-FormLabel__Content"
                >
                  <div
                    class="c-FormSingleMultiselect__Input css-b62m3t-container"
                    id="audiences"
                  >
                    <span
                      class="css-1f43avz-a11yText-A11yText"
                      id="react-select-2-live-region"
                    >
                      <span
                        id="aria-selection"
                      >
                        options Particuliers,Collectifs, selected.
                      </span>
                      <span
                        id="aria-context"
                      >
                          Select is focused ,type to refine list, press Down to open the menu,  press left to focus selected values
                      </span>
                    </span>
                    <span
                      aria-atomic="false"
                      aria-live="polite"
                      aria-relevant="additions text"
                      class="css-1f43avz-a11yText-A11yText"
                    />
                    <div
                      class="form-single-multiselect__control form-single-multiselect__control--is-focused css-t3ipsp-control"
                    >
                      <div
                        class="form-single-multiselect__value-container form-single-multiselect__value-container--is-multi form-single-multiselect__value-container--has-value css-3w2yfm-ValueContainer"
                      >
                        <div
                          class="form-single-multiselect__multi-value css-1p3m7a8-multiValue"
                        >
                          <div
                            class="form-single-multiselect__multi-value__label css-wsp0cs-MultiValueGeneric"
                          >
                            Particuliers
                          </div>
                          <div
                            aria-label="Remove Particuliers"
                            class="form-single-multiselect__multi-value__remove css-12a83d4-MultiValueRemove"
                            role="button"
                          >
                            <svg
                              aria-hidden="true"
                              class="css-tj5bde-Svg"
                              focusable="false"
                              height="14"
                              viewBox="0 0 20 20"
                              width="14"
                            >
                              <path
                                d="M14.348 14.849c-0.469 0.469-1.229 0.469-1.697 0l-2.651-3.030-2.651 3.029c-0.469 0.469-1.229 0.469-1.697 0-0.469-0.469-0.469-1.229 0-1.697l2.758-3.15-2.759-3.152c-0.469-0.469-0.469-1.228 0-1.697s1.228-0.469 1.697 0l2.652 3.031 2.651-3.031c0.469-0.469 1.228-0.469 1.697 0s0.469 1.229 0 1.697l-2.758 3.152 2.758 3.15c0.469 0.469 0.469 1.229 0 1.698z"
                              />
                            </svg>
                          </div>
                        </div>
                        <div
                          class="form-single-multiselect__multi-value css-1p3m7a8-multiValue"
                        >
                          <div
                            class="form-single-multiselect__multi-value__label css-wsp0cs-MultiValueGeneric"
                          >
                            Collectifs
                          </div>
                          <div
                            aria-label="Remove Collectifs"
                            class="form-single-multiselect__multi-value__remove css-12a83d4-MultiValueRemove"
                            role="button"
                          >
                            <svg
                              aria-hidden="true"
                              class="css-tj5bde-Svg"
                              focusable="false"
                              height="14"
                              viewBox="0 0 20 20"
                              width="14"
                            >
                              <path
                                d="M14.348 14.849c-0.469 0.469-1.229 0.469-1.697 0l-2.651-3.030-2.651 3.029c-0.469 0.469-1.229 0.469-1.697 0-0.469-0.469-0.469-1.229 0-1.697l2.758-3.15-2.759-3.152c-0.469-0.469-0.469-1.228 0-1.697s1.228-0.469 1.697 0l2.652 3.031 2.651-3.031c0.469-0.469 1.228-0.469 1.697 0s0.469 1.229 0 1.697l-2.758 3.152 2.758 3.15c0.469 0.469 0.469 1.229 0 1.698z"
                              />
                            </svg>
                          </div>
                        </div>
                        <div
                          class="form-single-multiselect__input-container css-qbdosj-Input"
                          data-value=""
                        >
                          <input
                            aria-autocomplete="list"
                            aria-describedby="react-select-2-live-region"
                            aria-errormessage="audiences_error"
                            aria-expanded="false"
                            aria-haspopup="true"
                            aria-invalid="false"
                            autocapitalize="none"
                            autocomplete="off"
                            autocorrect="off"
                            class="form-single-multiselect__input"
                            id="react-select-2-input"
                            role="combobox"
                            spellcheck="false"
                            style="opacity: 1; width: 100%; grid-area: 1 / 2; min-width: 2px; border: 0px; margin: 0px; outline: 0; padding: 0px;"
                            tabindex="0"
                            type="text"
                            value=""
                          />
                        </div>
                      </div>
                      <div
                        class="form-single-multiselect__indicators css-1hb7zxy-IndicatorsContainer"
                      >
                        <div
                          aria-hidden="true"
                          class="form-single-multiselect__indicator form-single-multiselect__clear-indicator css-15lsz6c-indicatorContainer"
                        >
                          <svg
                            aria-hidden="true"
                            class="css-tj5bde-Svg"
                            focusable="false"
                            height="20"
                            viewBox="0 0 20 20"
                            width="20"
                          >
                            <path
                              d="M14.348 14.849c-0.469 0.469-1.229 0.469-1.697 0l-2.651-3.030-2.651 3.029c-0.469 0.469-1.229 0.469-1.697 0-0.469-0.469-0.469-1.229 0-1.697l2.758-3.15-2.759-3.152c-0.469-0.469-0.469-1.228 0-1.697s1.228-0.469 1.697 0l2.652 3.031 2.651-3.031c0.469-0.469 1.228-0.469 1.697 0s0.469 1.229 0 1.697l-2.758 3.152 2.758 3.15c0.469 0.469 0.469 1.229 0 1.698z"
                            />
                          </svg>
                        </div>
                        <span
                          class="form-single-multiselect__indicator-separator css-1u9des2-indicatorSeparator"
                        />
                        <div
                          aria-hidden="true"
                          class="form-single-multiselect__indicator form-single-multiselect__dropdown-indicator css-15lsz6c-indicatorContainer"
                        >
                          <svg
                            aria-hidden="true"
                            class="css-tj5bde-Svg"
                            focusable="false"
                            height="20"
                            viewBox="0 0 20 20"
                            width="20"
                          >
                            <path
                              d="M4.516 7.548c0.436-0.446 1.043-0.481 1.576 0l3.908 3.747 3.908-3.747c0.533-0.481 1.141-0.446 1.574 0 0.436 0.445 0.408 1.197 0 1.615-0.406 0.418-4.695 4.502-4.695 4.502-0.217 0.223-0.502 0.335-0.787 0.335s-0.57-0.112-0.789-0.335c0 0-4.287-4.084-4.695-4.502s-0.436-1.17 0-1.615z"
                            />
                          </svg>
                        </div>
                      </div>
                    </div>
                    <div>
                      <input
                        name="tags"
                        type="hidden"
                        value="1"
                      />
                      <input
                        name="tags"
                        type="hidden"
                        value="2"
                      />
                    </div>
                  </div>
                </div>
              </div>
            </div>
          </hgroup>
          <div
            class="c-AudienceModal__ModalButtons"
          >
            <button
              class="c-CommonButton c-CommonButton_primary c-CommonButton_fontSmall"
              type="button"
            >
              Valider la sÃ©lection
            </button>
            <button
              class="c-CommonButton c-CommonButton_secondary c-CommonButton_fontSmall"
              type="button"
            >
              Annuler
            </button>
          </div>
        </div>
        <button
          class="c-CommonModalWrapper__Close"
          data-testid="common-modal-close"
        />
      </div>
    </div>
  </div>
</div>
`;
