// Jest Snapshot v1, https://goo.gl/fbAQLP

exports[`MediaCreateFolderButton check it renders correctly the component  1`] = `
<div>
  <hgroup
    class="c-PageTitle"
  >
    <h1
      data-testid="title"
    >
      Ajouter des m√©dias
    </h1>
    <p
      class="c-PageTitle__Description"
      data-testid="description"
    />
  </hgroup>
  <div
    class="c-EditoBibliothequeDeMedia__Options"
  >
    <div
      class="c-EditoBibliothequeDeMedia__Actions"
    >
      <div
        class="c-EditoBibliothequeDeMedia__Navigation"
      />
      <div
        class="c-EditoBibliothequeDeMedia__ActionButtons"
      >
        <div
          data-testid="media-create-folder-button"
        >
          <button
            class="c-CommonButton c-CommonButton_secondary c-CommonButton_fontSmall"
            type="button"
          >
            <div
              class="c-CommonButton__Picto c-CommonButton__Picto_add"
            />
            Ajouter un dossier
          </button>
        </div>
      </div>
    </div>
    <div
      class="c-EditoBibliothequeDeMedia__Filters"
    />
  </div>
  <div
    class="c-EditoBibliothequeDeMedia__Folders"
  >
    <h2>
      Dossiers
    </h2>
    <div
      class="c-EditoBibliothequeDeMedia__FolderCards"
    />
  </div>
  <div
    class="c-EditoBibliothequeDeMedia__MediaList"
  />
</div>
`;
