// Jest Snapshot v1, https://goo.gl/fbAQLP

exports[`renders 1`] = `
<div>
  <em
    class="c-CommonErrorMessage"
    id="error-1"
    role="alert"
  >
    error message
  </em>
</div>
`;
