// Jest Snapshot v1, https://goo.gl/fbAQLP

exports[`renders loading and loaded state 1`] = `
<div>
  <div
    class="c-CommonSpinner__Wrapper "
  >
    <div
      class="c-CommonSpinner"
      data-testid="common-spinner"
    >
      <div />
      <div />
      <div />
      <div />
    </div>
  </div>
</div>
`;

exports[`renders loading and loaded state 2`] = `
<div>
  <div
    class="c-QuizTipsTab"
  >
    <h2
      class="c-QuizTipsTab__Title"
    >
      Quiz & Astuces
    </h2>
    <form
      class="c-QuizTipsTab__Form"
    >
      <div
        class="c-QuizTipsTab__Group"
      >
        <div
          class="c-FormCheckbox"
        >
          <input
            class="c-FormCheckbox__Input "
            data-testid="form-checkbox"
            id="displayBlock"
            name="displayBlock"
            type="checkbox"
          />
          <label
            class="c-FormLabel"
            for="displayBlock"
          >
            <div
              class="c-FormLabel__Label"
            >
              <span>
                Afficher ce bloc 
              </span>
            </div>
          </label>
        </div>
        <div
          class="c-FormInput"
        >
          <label
            class="c-FormLabel"
            for="blockTitle"
          >
            <div
              class="c-FormLabel__Label"
            >
              <span>
                Titre du bloc *
              </span>
            </div>
          </label>
          <input
            aria-errormessage="blockTitle_error"
            aria-invalid="false"
            class="c-FormInput__Input "
            data-testid="form-input"
            id="blockTitle"
            name="blockTitle"
            type="text"
            value="Titre modifié"
          />
        </div>
      </div>
      <div
        class="c-QuizTipsTab__Group"
      >
        <div
          class="c-FormCheckbox"
        >
          <input
            class="c-FormCheckbox__Input "
            data-testid="form-checkbox"
            id="displayQuiz"
            name="displayQuiz"
            type="checkbox"
          />
          <label
            class="c-FormLabel"
            for="displayQuiz"
          >
            <div
              class="c-FormLabel__Label"
            >
              <span>
                Afficher un quiz 
              </span>
            </div>
          </label>
        </div>
        <div
          class="c-FormModalInput"
          data-testid="form-modal-input"
        >
          <label
            class="c-FormLabel"
            for="quiz_button"
          >
            <div
              class="c-FormLabel__Label"
            >
              <span>
                Quiz à afficher 
              </span>
            </div>
          </label>
          <input
            class="c-FormModalInput__Input"
            disabled=""
            name="quiz"
            type="hidden"
            value="[object Object]"
          />
          <p>
            Nom du quiz
          </p>
          <div
            aria-errormessage="quiz_error"
            aria-invalid="false"
          >
            <button
              class="c-CommonButton c-CommonButton_secondary"
              id="quiz_button"
              type="button"
            >
              Choisir le quiz
            </button>
          </div>
        </div>
      </div>
      <div
        class="c-QuizTipsTab__Group"
      >
        <div
          class="c-FormCheckbox"
        >
          <input
            class="c-FormCheckbox__Input "
            data-testid="form-checkbox"
            id="displayTips"
            name="displayTips"
            type="checkbox"
          />
          <label
            class="c-FormLabel"
            for="displayTips"
          >
            <div
              class="c-FormLabel__Label"
            >
              <span>
                Afficher des astuces 
              </span>
            </div>
          </label>
        </div>
        <div
          class="c-FormModalInput"
          data-testid="form-modal-input"
        >
          <label
            class="c-FormLabel"
            for="tips_button"
          >
            <div
              class="c-FormLabel__Label"
            >
              <span>
                Astuces à afficher 
              </span>
            </div>
          </label>
          <input
            class="c-FormModalInput__Input"
            disabled=""
            name="tips"
            type="hidden"
            value=""
          />
          <div
            aria-errormessage="tips_error"
            aria-invalid="false"
          >
            <button
              class="c-CommonButton c-CommonButton_secondary"
              id="tips_button"
              type="button"
            >
              Sélectionner les astuces à afficher
            </button>
          </div>
        </div>
      </div>
      <div
        class="c-QuizTipsTab__Buttons"
      >
        <button
          class="c-CommonButton c-CommonButton_primary"
          disabled=""
          type="submit"
        >
          Enregistrer les modifications
        </button>
        <button
          class="c-CommonButton c-CommonButton_secondary"
          disabled=""
          type="button"
        >
          Annuler les modifications
        </button>
      </div>
    </form>
  </div>
</div>
`;
