// Jest Snapshot v1, https://goo.gl/fbAQLP

exports[`EditorialForm renders 1`] = `
"[36m<div>[39m
  [36m<form[39m
    [33mclass[39m=[32m"c-FormLayout"[39m
  [36m>[39m
    [36m<div[39m
      [33mclass[39m=[32m"c-FormLayout__ReturnButton"[39m
    [36m/>[39m
    [36m<div[39m
      [33mclass[39m=[32m"c-FormLayout__Buttons"[39m
    [36m>[39m
      [36m<div[39m
        [33mclass[39m=[32m"c-FormLayoutButtons"[39m
      [36m>[39m
        [36m<button[39m
          [33mclass[39m=[32m"c-CommonButton c-CommonButton_secondary c-CommonButton_fontSmall"[39m
          [33mtype[39m=[32m"button"[39m
        [36m>[39m
          [36m<div[39m
            [33mclass[39m=[32m"c-CommonButton__Picto c-CommonButton__Picto_eye"[39m
          [36m/>[39m
          [0mPr√©visualiser[0m
        [36m</button>[39m
        [36m<button[39m
          [33mclass[39m=[32m"c-CommonButton c-CommonButton_secondary c-CommonButton_fontSmall"[39m
          [33mtype[39m=[32m"button"[39m
        [36m>[39m
          [36m<div[39m
            [33mclass[39m=[32m"c-CommonButton__Picto c-CommonButton__Picto_windowUpload"[39m
          [36m/>[39m
          [0mPublier[0m
        [36m</button>[39m
        [36m<button[39m
          [33mclass[39m=[32m"c-CommonButton c-CommonButton_disabled c-CommonButton_primary c-CommonButton_fontSmall"[39m
          [33mdisabled[39m=[32m""[39m
          [33mtype[39m=[32m"submit"[39m
        [36m>[39m
          [36m<div[39m
            [33mclass[39m=[32m"c-CommonButton__Picto c-CommonButton__Picto_check"[39m
          [36m/>[39m
          [0mEnregistrer en tant que brouillon[0m
        [36m</button>[39m
      [36m</div>[39m
    [36m</div>[39m
    [36m<div[39m
      [33mclass[39m=[32m"c-FormLayout__Form"[39m
    [36m>[39m
      [36m<div[39m
        [33mclass[39m=[32m"c-FormLayout__Content"[39m
      [36m>[39m
        [36m<div[39m
          [33mclass[39m=[32m"o-Form__Group"[39m
        [36m>[39m
          [36m<span[39m
            [33mclass[39m=[32m"o-Form__RequiredLabel"[39m
          [36m>[39m
            [0mTous les champs marqu√©s d'une * sont obligatoires.[0m
          [36m</span>[39m
          [36m<div[39m
            [33mclass[39m=[32m"c-FormInput"[39m
          [36m>[39m
            [36m<div[39m
              [33mclass[39m=[32m"c-FormLabel"[39m
            [36m>[39m
              [36m<label[39m
                [33mclass[39m=[32m"c-FormLabel__LabelWrapper"[39m
                [33mfor[39m=[32m"title"[39m
              [36m>[39m
                [36m<span[39m
                  [33mclass[39m=[32m"c-FormLabel__Label"[39m
                [36m>[39m
                  [0mTitre de l'actualit√© *[0m
                [36m</span>[39m
              [36m</label>[39m
              [36m<div[39m
                [33mclass[39m=[32m"c-FormLabel__Content"[39m
              [36m>[39m
                [36m<input[39m
                  [33maria-errormessage[39m=[32m"title_error"[39m
                  [33maria-invalid[39m=[32m"false"[39m
                  [33mclass[39m=[32m"c-FormInput__Input"[39m
                  [33mdata-testid[39m=[32m"form-input"[39m
                  [33mid[39m=[32m"title"[39m
                  [33mname[39m=[32m"title"[39m
                  [33mtype[39m=[32m"text"[39m
                  [33mvalue[39m=[32m""[39m
                [36m/>[39m
              [36m</div>[39m
            [36m</div>[39m
          [36m</div>[39m
          [36m<div[39m
            [33mclass[39m=[32m"c-FormLabel"[39m
          [36m>[39m
            [36m<label[39m
              [33mclass[39m=[32m"c-FormLabel__LabelWrapper"[39m
              [33mfor[39m=[32m"tags"[39m
            [36m>[39m
              [36m<span[39m
                [33mclass[39m=[32m"c-FormLabel__Label"[39m
              [36m>[39m
                [0mTh√©matique[0m
                [36m<span[39m
                  [33mclass[39m=[32m"c-FormLabel__LabelDescription"[39m
                [36m>[39m
                  [0m(Tags)[0m
                [36m</span>[39m
              [36m</span>[39m
            [36m</label>[39m
            [36m<div[39m
              [33mclass[39m=[32m"c-FormLabel__Content"[39m
            [36m>[39m
              [36m<div[39m
                [33mclass[39m=[32m"c-FormSingleMultiselect__Input css-b62m3t-container"[39m
                [33mid[39m=[32m"tags"[39m
              [36m>[39m
                [36m<span[39m
                  [33mclass[39m=[32m"css-1f43avz-a11yText-A11yText"[39m
                  [33mid[39m=[32m"react-select-2-live-region"[39m
                [36m/>[39m
                [36m<span[39m
                  [33maria-atomic[39m=[32m"false"[39m
                  [33maria-live[39m=[32m"polite"[39m
                  [33maria-relevant[39m=[32m"additions text"[39m
                  [33mclass[39m=[32m"css-1f43avz-a11yText-A11yText"[39m
                [36m/>[39m
                [36m<div[39m
                  [33mclass[39m=[32m"form-single-multiselect__control css-13cymwt-control"[39m
                [36m>[39m
                  [36m<div[39m
                    [33mclass[39m=[32m"form-single-multiselect__value-container form-single-multiselect__value-container--is-multi css-1fdsijx-ValueContainer"[39m
                  [36m>[39m
                    [36m<div[39m
                      [33mclass[39m=[32m"form-single-multiselect__placeholder css-1jqq78o-placeholder"[39m
                      [33mid[39m=[32m"react-select-2-placeholder"[39m
                    [36m/>[39m
                    [36m<div[39m
                      [33mclass[39m=[32m"form-single-multiselect__input-container css-qbdosj-Input"[39m
                      [33mdata-value[39m=[32m""[39m
                    [36m>[39m
                      [36m<input[39m
                        [33maria-autocomplete[39m=[32m"list"[39m
                        [33maria-describedby[39m=[32m"react-select-2-placeholder"[39m
                        [33maria-errormessage[39m=[32m"tags_error"[39m
                        [33maria-expanded[39m=[32m"false"[39m
                        [33maria-haspopup[39m=[32m"true"[39m
                        [33maria-invalid[39m=[32m"false"[39m
                        [33mautocapitalize[39m=[32m"none"[39m
                        [33mautocomplete[39m=[32m"off"[39m
                        [33mautocorrect[39m=[32m"off"[39m
                        [33mclass[39m=[32m"form-single-multiselect__input"[39m
                        [33mid[39m=[32m"react-select-2-input"[39m
                        [33mrole[39m=[32m"combobox"[39m
                        [33mspellcheck[39m=[32m"false"[39m
                        [33mstyle[39m=[32m"opacity: 1; width: 100%; grid-area: 1 / 2; min-width: 2px; border: 0px; margin: 0px; outline: 0; padding: 0px;"[39m
                        [33mtabindex[39m=[32m"0"[39m
                        [33mtype[39m=[32m"text"[39m
                        [33mvalue[39m=[32m""[39m
                      [36m/>[39m
                    [36m</div>[39m
                  [36m</div>[39m
                  [36m<div[39m
                    [33mclass[39m=[32m"form-single-multiselect__indicators css-1hb7zxy-IndicatorsContainer"[39m
                  [36m>[39m
                    [36m<span[39m
                      [33mclass[39m=[32m"form-single-multiselect__indicator-separator css-1u9des2-indicatorSeparator"[39m
                    [36m/>[39m
                    [36m<div[39m
                      [33maria-hidden[39m=[32m"true"[39m
                      [33mclass[39m=[32m"form-single-multiselect__indicator form-single-multiselect__dropdown-indicator css-1xc3v61-indicatorContainer"[39m
                    [36m>[39m
                      [36m<svg[39m
                        [33maria-hidden[39m=[32m"true"[39m
                        [33mclass[39m=[32m"css-tj5bde-Svg"[39m
                        [33mfocusable[39m=[32m"false"[39m
                        [33mheight[39m=[32m"20"[39m
                        [33mviewBox[39m=[32m"0 0 20 20"[39m
                        [33mwidth[39m=[32m"20"[39m
                      [36m>[39m
                        [36m<path[39m
                          [33md[39m=[32m"M4.516 7.548c0.436-0.446 1.043-0.481 1.576 0l3.908 3.747 3.908-3.747c0.533-0.481 1.141-0.446 1.574 0 0.436 0.445 0.408 1.197 0 1.615-0.406 0.418-4.695 4.502-4.695 4.502-0.217 0.223-0.502 0.335-0.787 0.335s-0.57-0.112-0.789-0.335c0 0-4.287-4.084-4.695-4.502s-0.436-1.17 0-1.615z"[39m
                        [36m/>[39m
                      [36m</svg>[39m
                    [36m</div>[39m
                  [36m</div>[39m
                [36m</div>[39m
                [36m<div>[39m
                  [36m<input[39m
                    [33mname[39m=[32m"tags"[39m
                    [33mtype[39m=[32m"hidden"[39m
                    [33mvalue[39m=[32m""[39m
                  [36m/>[39m
                [36m</div>[39m
              [36m</div>[39m
            [36m</div>[39m
          [36m</div>[39m
          [36m<div[39m
            [33mclass[39m=[32m"c-FormFileInput"[39m
          [36m>[39m
            [36m<div[39m
              [33mclass[39m=[32m"c-FormLabel"[39m
            [36m>[39m
              [36m<label[39m
                [33mclass[39m=[32m"c-FormLabel__LabelWrapper"[39m
                [33mfor[39m=[32m"image"[39m
              [36m>[39m
                [36m<span[39m
                  [33mclass[39m=[32m"c-FormLabel__Label"[39m
                [36m>[39m
                  [0mVignette *[0m
                [36m</span>[39m
                [36m<span[39m
                  [33mclass[39m=[32m"c-FormLabel__Validation"[39m
                [36m>[39m
                  [0mFormat carr√©, format .gif, .svg, .png ou .jpg, 30 Mo maximum[0m
                [36m</span>[39m
              [36m</label>[39m
              [36m<label[39m
                [33mclass[39m=[32m"c-FormLabel__LabelWrapper"[39m
                [33mfor[39m=[32m"image"[39m
              [36m>[39m
                [36m<span[39m
                  [33mclass[39m=[32m"FormLabel__Secondary"[39m
                [36m>[39m
                  [0mEco-conception: pensez √† r√©duire la taille et le poids de vos images. Utilisez des logiciels ou des outils en ligne pour optimiser vos images (www.iloveimg.com par exemple).[0m
                [36m</span>[39m
              [36m</label>[39m
              [36m<div[39m
                [33mclass[39m=[32m"c-FormLabel__Content"[39m
              [36m>[39m
                [36m<input[39m
                  [33maria-invalid[39m=[32m"false"[39m
                  [33mname[39m=[32m"image"[39m
                  [33mtype[39m=[32m"hidden"[39m
                  [33mvalue[39m=[32m"[object Object]"[39m
                [36m/>[39m
              [36m</div>[39m
            [36m</div>[39m
          [36m</div>[39m
          [36m<div[39m
            [33mclass[39m=[32m"c-FormInput"[39m
          [36m>[39m
            [36m<div[39m
              [33mclass[39m=[32m"c-FormLabel"[39m
            [36m>[39m
              [36m<label[39m
                [33mclass[39m=[32m"c-FormLabel__LabelWrapper"[39m
                [33mfor[39m=[32m"shortDescription"[39m
              [36m>[39m
                [36m<span[39m
                  [33mclass[39m=[32m"c-FormLabel__Label"[39m
                [36m>[39m
                  [0mDescription courte *[0m
                [36m</span>[39m
                [36m<span[39m
                  [33mclass[39m=[32m"c-FormLabel__Validation"[39m
                [36m>[39m
                  [0m80 caract√®res maximum, affich√©s dans l'aper√ßu de l'actualit√©[0m
                [36m</span>[39m
              [36m</label>[39m
              [36m<div[39m
                [33mclass[39m=[32m"c-FormLabel__Content"[39m
              [36m>[39m
                [36m<textarea[39m
                  [33maria-errormessage[39m=[32m"shortDescription_error"[39m
                  [33maria-invalid[39m=[32m"false"[39m
                  [33mclass[39m=[32m"c-FormInput__Input"[39m
                  [33mdata-testid[39m=[32m"form-input"[39m
                  [33mid[39m=[32m"shortDescription"[39m
                  [33mmaxlength[39m=[32m"80"[39m
                  [33mname[39m=[32m"shortDescription"[39m
                  [33mtype[39m=[32m"text"[39m
                [36m/>[39m
              [36m</div>[39m
            [36m</div>[39m
          [36m</div>[39m
        [36m</div>[39m
        [36m<ul[39m
          [33mclass[39m=[32m"c-FormDynamicBlocks"[39m
          [33m[39m
        [36m>[39m
          [36m<div[39m
            [33mclass[39m=[32m"c-FormDynamicBlocks__Block"[39m
            [33mdata-flip-config[39m=[32m"{\\"translate\\":true,\\"scale\\":true,\\"opacity\\":true}"[39m
            [33mdata-flip-id[39m=[32m"140"[39m
            [33mdata-portal-key[39m=[32m"portal"[39m
          [36m>[39m
            [36m<div[39m
              [33mclass[39m=[32m"c-EditoBlockWrapper"[39m
            [36m>[39m
              [36m<div[39m
                [33mclass[39m=[32m"c-EditoBlockWrapper__Header"[39m
              [36m>[39m
                [36m<div[39m
                  [33mclass[39m=[32m"c-EditoBlockWrapper__LeftGroup"[39m
                [36m>[39m
                  [36m<button[39m
                    [33mclass[39m=[32m"c-EditoBlockWrapper__Action c-EditoBlockWrapper__Action_chevronUp"[39m
                    [33mtitle[39m=[32m"Fermer"[39m
                    [33mtype[39m=[32m"button"[39m
                  [36m>[39m
                    [36m<span[39m
                      [33maria-label[39m=[32m"Fermer"[39m
                      [33mclass[39m=[32m"u-VisuallyHidden"[39m
                      [33mrole[39m=[32m"img"[39m
                    [36m>[39m
                      [0mFermer[0m
                    [36m</span>[39m
                  [36m</button>[39m
                  [36m<div[39m
                    [33mclass[39m=[32m"c-EditoBlockWrapper__Info"[39m
                  [36m>[39m
                    [36m<div[39m
                      [33mclass[39m=[32m"c-EditoBlockWrapper__Picto c-EditoBlockWrapper__Picto_text"[39m
                    [36m/>[39m
                    [36m<div[39m
                      [33mclass[39m=[32m"c-EditoBlockWrapper__Title"[39m
                    [36m>[39m
                      [0mTitre[0m
                    [36m</div>[39m
                  [36m</div>[39m
                [36m</div>[39m
                [36m<div[39m
                  [33mclass[39m=[32m"c-EditoBlockWrapper__Actions"[39m
                [36m>[39m
                  [36m<button[39m
                    [33mclass[39m=[32m"c-EditoBlockWrapper__Action c-EditoBlockWrapper__Action_arrowUp c-EditoBlockWrapper__Action_disabled"[39m
                    [33mdisabled[39m=[32m""[39m
                    [33mtitle[39m=[32m"Monter"[39m
                    [33mtype[39m=[32m"button"[39m
                  [36m>[39m
                    [36m<span[39m
                      [33maria-label[39m=[32m"Monter"[39m
                      [33mclass[39m=[32m"u-VisuallyHidden"[39m
                      [33mrole[39m=[32m"img"[39m
                    [36m>[39m
                      [0mMonter[0m
                    [36m</span>[39m
                  [36m</button>[39m
                  [36m<button[39m
                    [33mclass[39m=[32m"c-EditoBlockWrapper__Action c-EditoBlockWrapper__Action_arrowDown"[39m
                    [33mtitle[39m=[32m"Descendre"[39m
                    [33mtype[39m=[32m"button"[39m
                  [36m>[39m
                    [36m<span[39m
                      [33maria-label[39m=[32m"Descendre"[39m
                      [33mclass[39m=[32m"u-VisuallyHidden"[39m
                      [33mrole[39m=[32m"img"[39m
                    [36m>[39m
                      [0mDescendre[0m
                    [36m</span>[39m
                  [36m</button>[39m
                  [36m<button[39m
                    [33mclass[39m=[32m"c-EditoBlockWrapper__Action c-EditoBlockWrapper__Action_duplicate"[39m
                    [33mtitle[39m=[32m"Dupliquer"[39m
                    [33mtype[39m=[32m"button"[39m
                  [36m>[39m
                    [36m<span[39m
                      [33maria-label[39m=[32m"Dupliquer"[39m
                      [33mclass[39m=[32m"u-VisuallyHidden"[39m
                      [33mrole[39m=[32m"img"[39m
                    [36m>[39m
                      [0mDupliquer[0m
                    [36m</span>[39m
                  [36m</button>[39m
                  [36m<button[39m
                    [33mclass[39m=[32m"c-EditoBlockWrapper__Action c-EditoBlockWrapper__Action_delete"[39m
                    [33mtitle[39m=[32m"Supprimer"[39m
                    [33mtype[39m=[32m"button"[39m
                  [36m>[39m
                    [36m<span[39m
                      [33maria-label[39m=[32m"Supprimer"[39m
                      [33mclass[39m=[32m"u-VisuallyHidden"[39m
                      [33mrole[39m=[32m"img"[39m
                    [36m>[39m
                      [0mSupprimer[0m
                    [36m</span>[39m
                  [36m</button>[39m
                [36m</div>[39m
              [36m</div>[39m
              [36m<div[39m
                [33mclass[39m=[32m"c-EditoBlockWrapper__Content c-EditoBlockWrapper__Content_open"[39m
              [36m>[39m
                [36m<div[39m
                  [33mclass[39m=[32m"c-SubHeadingRow"[39m
                [36m>[39m
                  [36m<div[39m
                    [33mclass[39m=[32m"c-SubHeadingRow__Description"[39m
                  [36m>[39m
                    [36m<div[39m
                      [33mclass[39m=[32m"c-FormInput"[39m
                    [36m>[39m
                      [36m<div[39m
                        [33mclass[39m=[32m"c-FormLabel"[39m
                      [36m>[39m
                        [36m<label[39m
                          [33mclass[39m=[32m"c-FormLabel__LabelWrapper"[39m
                          [33mfor[39m=[32m"blocks.0.subHeadingText"[39m
                        [36m>[39m
                          [36m<span[39m
                            [33mclass[39m=[32m"c-FormLabel__Label"[39m
                          [36m>[39m
                            [0mTexte du titre *[0m
                          [36m</span>[39m
                        [36m</label>[39m
                        [36m<div[39m
                          [33mclass[39m=[32m"c-FormLabel__Content"[39m
                        [36m>[39m
                          [36m<input[39m
                            [33maria-errormessage[39m=[32m"blocks.0.subHeadingText_error"[39m
                            [33maria-invalid[39m=[32m"false"[39m
                            [33mclass[39m=[32m"c-FormInput__Input"[39m
                            [33mdata-testid[39m=[32m"form-input"[39m
                            [33mid[39m=[32m"blocks.0.subHeadingText"[39m
                            [33mname[39m=[32m"blocks.0.subHeadingText"[39m
                            [33mtype[39m=[32m"text"[39m
                            [33mvalue[39m=[32m""[39m
                          [36m/>[39m
                        [36m</div>[39m
                      [36m</div>[39m
                    [36m</div>[39m
                  [36m</div>[39m
                  [36m<div>[39m
                    [36m<div[39m
                      [33mclass[39m=[32m"c-FormSelect"[39m
                    [36m>[39m
                      [36m<div[39m
                        [33mclass[39m=[32m"c-FormLabel"[39m
                      [36m>[39m
                        [36m<label[39m
                          [33mclass[39m=[32m"c-FormLabel__LabelWrapper"[39m
                          [33mfor[39m=[32m"blocks.0.subHeadingTag"[39m
                        [36m>[39m
                          [36m<span[39m
                            [33mclass[39m=[32m"c-FormLabel__Label"[39m
                          [36m>[39m
                            [0mNiveau de titre *[0m
                          [36m</span>[39m
                        [36m</label>[39m
                      [36m</div>[39m
                      [36m<div[39m
                        [33mclass[39m=[32m"o-SelectWrapper"[39m
                      [36m>[39m
                        [36m<select[39m
                          [33maria-errormessage[39m=[32m"blocks.0.subHeadingTag_error"[39m
                          [33maria-invalid[39m=[32m"false"[39m
                          [33mclass[39m=[32m"o-SelectWrapper__Select"[39m
                          [33mdata-testid[39m=[32m"form-select"[39m
                          [33mid[39m=[32m"blocks.0.subHeadingTag"[39m
                        [36m>[39m
                          [36m<option[39m
                            [33mdisabled[39m=[32m""[39m
                            [33mhidden[39m=[32m""[39m
                            [33mvalue[39m=[32m"-1"[39m
                          [36m>[39m
                            [0m- S√©lectionnez un √©l√©ment -[0m
                          [36m</option>[39m
                          [36m<option[39m
                            [33mclass[39m=[32m"o-SelectWrapper__Option"[39m
                            [33mvalue[39m=[32m"0"[39m
                          [36m>[39m
                            [0mH2[0m
                          [36m</option>[39m
                          [36m<option[39m
                            [33mclass[39m=[32m"o-SelectWrapper__Option"[39m
                            [33mvalue[39m=[32m"1"[39m
                          [36m>[39m
                            [0mH3[0m
                          [36m</option>[39m
                          [36m<option[39m
                            [33mclass[39m=[32m"o-SelectWrapper__Option"[39m
                            [33mvalue[39m=[32m"2"[39m
                          [36m>[39m
                            [0mH4[0m
                          [36m</option>[39m
                          [36m<option[39m
                            [33mclass[39m=[32m"o-SelectWrapper__Option"[39m
                            [33mvalue[39m=[32m"3"[39m
                          [36m>[39m
                            [0mH5[0m
                          [36m</option>[39m
                          [36m<option[39m
                            [33mclass[39m=[32m"o-SelectWrapper__Option"[39m
                            [33mvalue[39m=[32m"4"[39m
                          [36m>[39m
                            [0mH6[0m
                          [36m</option>[39m
                        [36m</select>[39m
                      [36m</div>[39m
                    [36m</div>[39m
                  [36m</div>[39m
                [36m</div>[39m
              [36m</div>[39m
            [36m</div>[39m
          [36m</div>[39m
          [36m<div[39m
            [33mclass[39m=[32m"c-FormDynamicBlocks__Block"[39m
            [33mdata-flip-config[39m=[32m"{\\"translate\\":true,\\"scale\\":true,\\"opacity\\":true}"[39m
            [33mdata-flip-id[39m=[32m"136"[39m
            [33mdata-portal-key[39m=[32m"portal"[39m
          [36m>[39m
            [36m<div[39m
              [33mclass[39m=[32m"c-EditoBlockWrapper"[39m
            [36m>[39m
              [36m<div[39m
                [33mclass[39m=[32m"c-EditoBlockWrapper__Header"[39m
              [36m>[39m
                [36m<div[39m
                  [33mclass[39m=[32m"c-EditoBlockWrapper__LeftGroup"[39m
                [36m>[39m
                  [36m<div[39m
                    [33mclass[39m=[32m"c-EditoBlockWrapper__Info"[39m
                  [36m>[39m
                    [36m<div[39m
                      [33mclass[39m=[32m"c-EditoBlockWrapper__Picto c-EditoBlockWrapper__Picto_expandVertical"[39m
                    [36m/>[39m
                    [36m<div[39m
                      [33mclass[39m=[32m"c-EditoBlockWrapper__Title"[39m
                    [36m>[39m
                      [0mS√©parateur[0m
                    [36m</div>[39m
                  [36m</div>[39m
                [36m</div>[39m
                [36m<div[39m
                  [33mclass[39m=[32m"c-EditoBlockWrapper__Actions"[39m
                [36m>[39m
                  [36m<button[39m
                    [33mclass[39m=[32m"c-EditoBlockWrapper__Action c-EditoBlockWrapper__Action_arrowUp"[39m
                    [33mtitle[39m=[32m"Monter"[39m
                    [33mtype[39m=[32m"button"[39m
                  [36m>[39m
                    [36m<span[39m
                      [33maria-label[39m=[32m"Monter"[39m
                      [33mclass[39m=[32m"u-VisuallyHidden"[39m
                      [33mrole[39m=[32m"img"[39m
                    [36m>[39m
                      [0mMonter[0m
                    [36m</span>[39m
                  [36m</button>[39m
                  [36m<button[39m
                    [33mclass[39m=[32m"c-EditoBlockWrapper__Action c-EditoBlockWrapper__Action_arrowDown c-EditoBlockWrapper__Action_disabled"[39m
                    [33mdisabled[39m=[32m""[39m
                    [33mtitle[39m=[32m"Descendre"[39m
                    [33mtype[39m=[32m"button"[39m
                  [36m>[39m
                    [36m<span[39m
                      [33maria-label[39m=[32m"Descendre"[39m
                      [33mclass[39m=[32m"u-VisuallyHidden"[39m
                      [33mrole[39m=[32m"img"[39m
                    [36m>[39m
                      [0mDescendre[0m
                    [36m</span>[39m
                  [36m</button>[39m
                  [36m<button[39m
                    [33mclass[39m=[32m"c-EditoBlockWrapper__Action c-EditoBlockWrapper__Action_duplicate"[39m
                    [33mtitle[39m=[32m"Dupliquer"[39m
                    [33mtype[39m=[32m"button"[39m
                  [36m>[39m
                    [36m<span[39m
                      [33maria-label[39m=[32m"Dupliquer"[39m
                      [33mclass[39m=[32m"u-VisuallyHidden"[39m
                      [33mrole[39m=[32m"img"[39m
                    [36m>[39m
                      [0mDupliquer[0m
                    [36m</span>[39m
                  [36m</button>[39m
                  [36m<button[39m
                    [33mclass[39m=[32m"c-EditoBlockWrapper__Action c-EditoBlockWrapper__Action_delete"[39m
                    [33mtitle[39m=[32m"Supprimer"[39m
                    [33mtype[39m=[32m"button"[39m
                  [36m>[39m
                    [36m<span[39m
                      [33maria-label[39m=[32m"Supprimer"[39m
                      [33mclass[39m=[32m"u-VisuallyHidden"[39m
                      [33mrole[39m=[32m"img"[39m
                    [36m>[39m
                      [0mSupprimer[0m
                    [36m</span>[39m
                  [36m</button>[39m
                [36m</div>[39m
              [36m</div>[39m
              [36m<div[39m
                [33mclass[39m=[32m"c-EditoBlockWrapper__Content c-EditoBlockWrapper__Content_open c-EditoBlockWrapper__Content_empty"[39m
              [36m>[39m
                [36m<input[39m
                  [33mname[39m=[32m"blocks.1.hr"[39m
                  [33mtype[39m=[32m"hidden"[39m
                  [33mvalue[39m=[32m"<hr>"[39m
                [36m/>[39m
              [36m</div>[39m
            [36m</div>[39m
          [36m</div>[39m
        [36m</ul>[39m
        [36m<div[39m
          [33mclass[39m=[32m"c-FormDynamicBlocks__Options"[39m
        [36m>[39m
          [36m<span[39m
            [33mclass[39m=[32m"c-FormDynamicBlocks__OptionsTitle"[39m
          [36m>[39m
            [0mAjouter un bloc[0m
          [36m</span>[39m
          [36m<div[39m
            [33mclass[39m=[32m"c-FormDynamicBlocks__OptionsList"[39m
          [36m>[39m
            [36m<button[39m
              [33mclass[39m=[32m"c-CommonButton c-CommonButton_secondary c-CommonButton_fontSmall"[39m
              [33mtype[39m=[32m"button"[39m
            [36m>[39m
              [36m<div[39m
                [33mclass[39m=[32m"c-CommonButton__Picto c-CommonButton__Picto_text"[39m
              [36m/>[39m
              [0mTitre[0m
            [36m</button>[39m
            [36m<button[39m
              [33mclass[39m=[32m"c-CommonButton c-CommonButton_secondary c-CommonButton_fontSmall"[39m
              [33mtype[39m=[32m"button"[39m
            [36m>[39m
              [36m<div[39m
                [33mclass[39m=[32m"c-CommonButton__Picto c-CommonButton__Picto_expandVertical"[39m
              [36m/>[39m
              [0mS√©parateur[0m
            [36m</button>[39m
          [36m</div>[39m
        [36m</div>[39m
      [36m</div>[39m
      [36m<div[39m
        [33mclass[39m=[32m"c-FormLayout__SideBar"[39m
      [36m>[39m
        [36m<span[39m
          [33mclass[39m=[32m"c-EditorialSideBar__Status c-EditorialSideBar__Status_draft"[39m
        [36m>[39m
          [0mBrouillon[0m
        [36m</span>[39m
        [36m<div[39m
          [33mclass[39m=[32m"c-EditorialSideBar__UnpublishedDateDatePicker"[39m
        [36m>[39m
          [36m<div[39m
            [33mclass[39m=[32m"c-FormLabel"[39m
          [36m>[39m
            [36m<label[39m
              [33mclass[39m=[32m"c-FormLabel__LabelWrapper"[39m
              [33mfor[39m=[32m"unpublishedDate"[39m
            [36m>[39m
              [36m<span[39m
                [33mclass[39m=[32m"c-FormLabel__Label"[39m
              [36m>[39m
                [0mDate de d√©publication[0m
              [36m</span>[39m
            [36m</label>[39m
            [36m<div[39m
              [33mclass[39m=[32m"c-FormLabel__Content"[39m
            [36m>[39m
              [36m<div[39m
                [33mclass[39m=[32m"c-CommonDatePicker c-CommonDatePicker react-datepicker__input-container"[39m
              [36m>[39m
                [36m<div[39m
                  [33mclass[39m=[32m"react-datepicker-wrapper"[39m
                [36m>[39m
                  [36m<div[39m
                    [33mclass[39m=[32m"react-datepicker__input-container "[39m
                  [36m>[39m
                    [36m<span[39m
                      [33maria-live[39m=[32m"polite"[39m
                      [33mclass[39m=[32m"react-datepicker__aria-live"[39m
                      [33mrole[39m=[32m"alert"[39m
                    [36m/>[39m
                    [36m<input[39m
                      [33mclass[39m=[32m""[39m
                      [33mtype[39m=[32m"text"[39m
                      [33mvalue[39m=[32m""[39m
                    [36m/>[39m
                  [36m</div>[39m
                [36m</div>[39m
              [36m</div>[39m
            [36m</div>[39m
          [36m</div>[39m
          [36m<p[39m
            [33mclass[39m=[32m"c-EditorialSideBar__UnpublishedDateText"[39m
          [36m>[39m
            [0mA la date de d√©publication, l‚Äôactualit√© est masqu√©e sur le site mais conserv√©e dans le back-office √† l‚Äô√©tat archiv√©.[0m
          [36m</p>[39m
        [36m</div>[39m
        [36m<div[39m
          [33mclass[39m=[32m"c-EditorialSideBar__Users"[39m
        [36m>[39m
          [36m<div[39m
            [33mclass[39m=[32m"c-CommonAudienceSelection__Label"[39m
          [36m>[39m
            [0mUsagers *[0m
          [36m</div>[39m
        [36m</div>[39m
      [36m</div>[39m
    [36m</div>[39m
  [36m</form>[39m
[36m</div>[39m"
`;
